To honour the JVM settings for this build a single-use Daemon process will be forked. For more on this, please refer to https://docs.gradle.org/8.13/userguide/gradle_daemon.html#sec:disabling_the_daemon in the Gradle documentation.
Daemon will be stopped at the end of the build 
> Task :app:clean
> Task :app:preBuild UP-TO-DATE
> Task :app:preDebugBuild UP-TO-DATE
> Task :app:mergeDebugNativeDebugMetadata NO-SOURCE
> Task :app:checkKotlinGradlePluginConfigurationErrors SKIPPED
> Task :app:checkDebugAarMetadata
> Task :app:processDebugNavigationResources
> Task :app:generateDebugResValues
> Task :app:compileDebugNavigationResources
> Task :app:mapDebugSourceSetPaths
> Task :app:generateDebugResources
> Task :app:packageDebugResources
> Task :app:createDebugCompatibleScreenManifests
> Task :app:extractDeepLinksDebug
> Task :app:mergeDebugResources
> Task :app:parseDebugLocalResources
> Task :app:processDebugMainManifest
> Task :app:processDebugManifest
> Task :app:javaPreCompileDebug
> Task :app:mergeDebugShaders
> Task :app:compileDebugShaders NO-SOURCE
> Task :app:generateDebugAssets UP-TO-DATE
> Task :app:mergeDebugAssets
> Task :app:compressDebugAssets
> Task :app:desugarDebugFileDependencies
> Task :app:mergeDebugJniLibFolders
> Task :app:checkDebugDuplicateClasses
> Task :app:mergeDebugNativeLibs
> Task :app:mergeLibDexDebug

> Task :app:stripDebugDebugSymbols
Unable to strip the following libraries, packaging them as they are: libandroidx.graphics.path.so. Run with --info option to learn more.

> Task :app:validateSigningDebug
> Task :app:writeDebugAppMetadata
> Task :app:writeDebugSigningConfigVersions
> Task :app:processDebugManifestForPackage
> Task :app:processDebugResources
> Task :app:mergeExtDexDebug
> Task :app:kspDebugKotlin
> Task :app:compileDebugKotlin
w: file:///C:/Users/sebas/OneDrive/Escritorio/ProjectAppMoviles-nuevo/ProjectAppMoviles/app/src/main/java/com/example/uinavegacion/ui/components/AdaptiveNavigation.kt:205:42 'val Icons.Filled.LibraryBooks: ImageVector' is deprecated. Use the AutoMirrored version at Icons.AutoMirrored.Filled.LibraryBooks.
w: file:///C:/Users/sebas/OneDrive/Escritorio/ProjectAppMoviles-nuevo/ProjectAppMoviles/app/src/main/java/com/example/uinavegacion/ui/components/AdaptiveNavigation.kt:256:45 'val Icons.Filled.Logout: ImageVector' is deprecated. Use the AutoMirrored version at Icons.AutoMirrored.Filled.Logout.
w: file:///C:/Users/sebas/OneDrive/Escritorio/ProjectAppMoviles-nuevo/ProjectAppMoviles/app/src/main/java/com/example/uinavegacion/ui/components/AppDrawer.kt:44:9 'fun Divider(modifier: Modifier = ..., thickness: Dp = ..., color: Color = ...): Unit' is deprecated. Renamed to HorizontalDivider.
w: file:///C:/Users/sebas/OneDrive/Escritorio/ProjectAppMoviles-nuevo/ProjectAppMoviles/app/src/main/java/com/example/uinavegacion/ui/components/AppDrawer.kt:74:48 'val Icons.Filled.ExitToApp: ImageVector' is deprecated. Use the AutoMirrored version at Icons.AutoMirrored.Filled.ExitToApp.
w: file:///C:/Users/sebas/OneDrive/Escritorio/ProjectAppMoviles-nuevo/ProjectAppMoviles/app/src/main/java/com/example/uinavegacion/ui/components/AppDrawer.kt:139:13 'fun Divider(modifier: Modifier = ..., thickness: Dp = ..., color: Color = ...): Unit' is deprecated. Renamed to HorizontalDivider.
w: file:///C:/Users/sebas/OneDrive/Escritorio/ProjectAppMoviles-nuevo/ProjectAppMoviles/app/src/main/java/com/example/uinavegacion/ui/components/AppDrawer.kt:144:44 'val Icons.Filled.ExitToApp: ImageVector' is deprecated. Use the AutoMirrored version at Icons.AutoMirrored.Filled.ExitToApp.
w: file:///C:/Users/sebas/OneDrive/Escritorio/ProjectAppMoviles-nuevo/ProjectAppMoviles/app/src/main/java/com/example/uinavegacion/ui/screen/AdminDashboardScreen.kt:134:51 'val Icons.Filled.ExitToApp: ImageVector' is deprecated. Use the AutoMirrored version at Icons.AutoMirrored.Filled.ExitToApp.
w: file:///C:/Users/sebas/OneDrive/Escritorio/ProjectAppMoviles-nuevo/ProjectAppMoviles/app/src/main/java/com/example/uinavegacion/ui/screen/AdminDashboardScreen.kt:387:47 'val Icons.Filled.ArrowForwardIos: ImageVector' is deprecated. Use the AutoMirrored version at Icons.AutoMirrored.Filled.ArrowForwardIos.
w: file:///C:/Users/sebas/OneDrive/Escritorio/ProjectAppMoviles-nuevo/ProjectAppMoviles/app/src/main/java/com/example/uinavegacion/ui/screen/AdminDashboardScreen.kt:432:47 'val Icons.Filled.ArrowForwardIos: ImageVector' is deprecated. Use the AutoMirrored version at Icons.AutoMirrored.Filled.ArrowForwardIos.
w: file:///C:/Users/sebas/OneDrive/Escritorio/ProjectAppMoviles-nuevo/ProjectAppMoviles/app/src/main/java/com/example/uinavegacion/ui/screen/ChangePasswordScreen.kt:44:43 'val Icons.Filled.ArrowBack: ImageVector' is deprecated. Use the AutoMirrored version at Icons.AutoMirrored.Filled.ArrowBack.
w: file:///C:/Users/sebas/OneDrive/Escritorio/ProjectAppMoviles-nuevo/ProjectAppMoviles/app/src/main/java/com/example/uinavegacion/ui/screen/LibraryScreen.kt:413:33 'fun LinearProgressIndicator(progress: Float, modifier: Modifier = ..., color: Color = ..., trackColor: Color = ..., strokeCap: StrokeCap = ...): Unit' is deprecated. Use the overload that takes `progress` as a lambda.
w: file:///C:/Users/sebas/OneDrive/Escritorio/ProjectAppMoviles-nuevo/ProjectAppMoviles/app/src/main/java/com/example/uinavegacion/ui/screen/ProfileEditScreen.kt:365:34 'fun Modifier.menuAnchor(): Modifier' is deprecated. Use overload that takes MenuAnchorType and enabled parameters.
w: file:///C:/Users/sebas/OneDrive/Escritorio/ProjectAppMoviles-nuevo/ProjectAppMoviles/app/src/main/java/com/example/uinavegacion/ui/screen/ProfileScreen.kt:255:21 'fun Divider(modifier: Modifier = ..., thickness: Dp = ..., color: Color = ...): Unit' is deprecated. Renamed to HorizontalDivider.

> Task :app:compileDebugJavaWithJavac
> Task :app:processDebugJavaRes
> Task :app:mergeDebugJavaResource
> Task :app:dexBuilderDebug
> Task :app:mergeProjectDexDebug
> Task :app:packageDebug
> Task :app:createDebugApkListingFileRedirect
> Task :app:assembleDebug

BUILD SUCCESSFUL in 9m 43s
39 actionable tasks: 39 executed
